main.c:146:6:SystemClock_Config	168	static
main.c:308:1:__io_putchar	16	static
main.c:313:9:readByte	0	static
main.c:317:10:readUInt	0	static
main.c:327:6:prepareWriteBuffer	16	static
main.c:339:6:clearCurrentReadBuffer	0	static
main.c:345:19:restartDma	24	static
main.c:475:6:HAL_GPIO_EXTI_Callback	8	static
main.c:498:10:hcp_crc24q	16	static
main.c:359:6:sendReply	24	static
main.c:385:6:sendAckReply	8	static
main.c:394:6:sendNakReply	8	static
main.c:403:6:loop	24	static
main.c:86:5:main	56	static
main.c:511:6:Error_Handler	0	static
